Building...
[09:35:07 DBG] Hosting starting
[09:35:07 INF] User profile is available. Using 'C:\Users\Lenovo\AppData\Local\ASP.NET\DataProtection-Keys' as key repository and Windows DPAPI to encrypt keys at rest.
[09:35:07 WRN] Overriding address(es) 'http://0.0.0.0:5098'. Binding to endpoints defined via IConfiguration and/or UseKestrel() instead.
[09:35:07 WRN] HTTP/2 is not enabled for [::]:8080. The endpoint is configured to use HTTP/1.1 and HTTP/2, but TLS is not enabled. HTTP/2 requires TLS application protocol negotiation. Connections to this endpoint will use HTTP/1.1.
[09:35:07 INF] Now listening on: http://[::]:8080
[09:35:07 INF] Application started. Press Ctrl+C to shut down.
[09:35:07 INF] Hosting environment: Development
[09:35:07 INF] Content root path: D:\New\MoneyRecord\backend\src\MoneyRecord.API
[09:35:07 DBG] Hosting started
[MongoDB] Indexes created successfully.
[09:35:28 INF] Request starting HTTP/1.1 GET http://localhost:8080/health - null null
[09:35:28 WRN] Failed to determine the https port for redirect.
[09:35:28 INF] Executing endpoint 'Health checks'
[09:35:28 DBG] Running health checks
[09:35:28 DBG] Health check processing with combined status Healthy completed after 5.5146ms
[09:35:28 INF] Executed endpoint 'Health checks'
[09:35:28 INF] Request finished HTTP/1.1 GET http://localhost:8080/health - 200 null text/plain 173.1498ms
[09:36:58 INF] Request starting HTTP/1.1 GET http://localhost:8080/health - null null
[09:36:59 INF] Executing endpoint 'Health checks'
[09:36:59 DBG] Running health checks
[09:36:59 DBG] Health check processing with combined status Healthy completed after 0.7565ms
[09:36:59 INF] Executed endpoint 'Health checks'
[09:36:59 INF] Request finished HTTP/1.1 GET http://localhost:8080/health - 200 null text/plain 18.6792ms
[09:37:20 INF] Request starting HTTP/1.1 POST http://localhost:8080/auth/login - application/json 45
[09:37:20 INF] Executing endpoint 'MoneyRecord.API.Controllers.AuthController.Login (MoneyRecord.API)'
[09:37:20 INF] Route matched with {action = "Login", controller = "Auth"}. Executing controller action with signature System.Threading.Tasks.Task`1[Microsoft.AspNetCore.Mvc.ActionResult`1[MoneyRecord.Application.Auth.Commands.LoginResponse]] Login(LoginRequest, System.Threading.CancellationToken) on controller MoneyRecord.API.Controllers.AuthController (MoneyRecord.API).
[09:37:21 INF] Executing OkObjectResult, writing value of type '<>f__AnonymousType3`1[[MoneyRecord.Application.Auth.Commands.LoginResponse, MoneyRecord.Application, Version=1.0.0.0, Culture=neutral, PublicKeyToken=null]]'.
[09:37:21 INF] Executed action MoneyRecord.API.Controllers.AuthController.Login (MoneyRecord.API) in 1791.6786ms
[09:37:21 INF] Executed endpoint 'MoneyRecord.API.Controllers.AuthController.Login (MoneyRecord.API)'
[09:37:21 INF] Request finished HTTP/1.1 POST http://localhost:8080/auth/login - 200 null application/json; charset=utf-8 1856.5357ms
[09:37:21 INF] Request starting HTTP/1.1 GET http://localhost:8080/auth/me - null null
[09:37:22 INF] Executing endpoint 'MoneyRecord.API.Controllers.AuthController.Me (MoneyRecord.API)'
[09:37:22 INF] Route matched with {action = "Me", controller = "Auth"}. Executing controller action with signature System.Threading.Tasks.Task`1[Microsoft.AspNetCore.Mvc.ActionResult`1[MoneyRecord.Application.Auth.Queries.MeResponse]] Me(System.Threading.CancellationToken) on controller MoneyRecord.API.Controllers.AuthController (MoneyRecord.API).
[09:37:22 INF] Executing OkObjectResult, writing value of type '<>f__AnonymousType3`1[[MoneyRecord.Application.Auth.Queries.MeResponse, MoneyRecord.Application, Version=1.0.0.0, Culture=neutral, PublicKeyToken=null]]'.
[09:37:22 INF] Executed action MoneyRecord.API.Controllers.AuthController.Me (MoneyRecord.API) in 279.1655ms
[09:37:22 INF] Executed endpoint 'MoneyRecord.API.Controllers.AuthController.Me (MoneyRecord.API)'
[09:37:22 INF] Request finished HTTP/1.1 GET http://localhost:8080/auth/me - 200 null application/json; charset=utf-8 439.8744ms
[09:37:22 INF] Request starting HTTP/1.1 GET http://localhost:8080/reports/dashboard - null null
[09:37:22 INF] Executing endpoint 'MoneyRecord.API.Controllers.ReportsController.Dashboard (MoneyRecord.API)'
[09:37:22 INF] Route matched with {action = "Dashboard", controller = "Reports"}. Executing controller action with signature System.Threading.Tasks.Task`1[Microsoft.AspNetCore.Mvc.IActionResult] Dashboard(System.Nullable`1[System.DateOnly], System.Threading.CancellationToken) on controller MoneyRecord.API.Controllers.ReportsController (MoneyRecord.API).
[09:37:22 ERR] An exception occurred while iterating over the results of a query for context type 'MoneyRecord.Infrastructure.Persistence.MoneyRecordDbContext'.
System.NotSupportedException: No known serializer for type 'DateOnly'.
   at MongoDB.EntityFrameworkCore.Serializers.BsonSerializerFactory.CreateTypeSerializer(Type type, IReadOnlyProperty property)
   at MongoDB.EntityFrameworkCore.Serializers.BsonSerializerFactory.CreateTypeSerializer(IReadOnlyProperty property)
   at MongoDB.EntityFrameworkCore.Serializers.BsonSerializerFactory.GetPropertySerializationInfo(IReadOnlyProperty property)
   at MongoDB.EntityFrameworkCore.Serializers.EntitySerializer`1.TryGetMemberSerializationInfo(String memberName, BsonSerializationInfo& serializationInfo)
   at MongoDB.Driver.Linq.Linq3Implementation.Translators.ExpressionToFilterTranslators.ToFilterFieldTranslators.MemberExpressionToFilterFieldTranslator.Translate(TranslationContext context, MemberExpression memberExpression)
   at MongoDB.Driver.Linq.Linq3Implementation.Translators.ExpressionToFilterTranslators.ToFilterFieldTranslators.ExpressionToFilterFieldTranslator.Translate(TranslationContext context, Expression expression)
   at MongoDB.Driver.Linq.Linq3Implementation.Translators.ExpressionToFilterTranslators.ExpressionTranslators.ComparisonExpressionToFilterTranslator.Translate(TranslationContext context, BinaryExpression expression)
   at MongoDB.Driver.Linq.Linq3Implementation.Translators.ExpressionToFilterTranslators.ExpressionToFilterTranslator.TranslateUsingQueryOperators(TranslationContext context, Expression expression)
   at MongoDB.Driver.Linq.Linq3Implementation.Translators.ExpressionToFilterTranslators.ExpressionToFilterTranslator.Translate(TranslationContext context, Expression expression, Boolean exprOk)
   at MongoDB.Driver.Linq.Linq3Implementation.Translators.ExpressionToFilterTranslators.ExpressionTranslators.AndExpressionToFilterTranslator.Translate(TranslationContext context, BinaryExpression expression)
   at MongoDB.Driver.Linq.Linq3Implementation.Translators.ExpressionToFilterTranslators.ExpressionToFilterTranslator.TranslateUsingQueryOperators(TranslationContext context, Expression expression)
   at MongoDB.Driver.Linq.Linq3Implementation.Translators.ExpressionToFilterTranslators.ExpressionToFilterTranslator.Translate(TranslationContext context, Expression expression, Boolean exprOk)
   at MongoDB.Driver.Linq.Linq3Implementation.Translators.ExpressionToFilterTranslators.ExpressionTranslators.AndExpressionToFilterTranslator.Translate(TranslationContext context, BinaryExpression expression)
   at MongoDB.Driver.Linq.Linq3Implementation.Translators.ExpressionToFilterTranslators.ExpressionToFilterTranslator.TranslateUsingQueryOperators(TranslationContext context, Expression expression)
   at MongoDB.Driver.Linq.Linq3Implementation.Translators.ExpressionToFilterTranslators.ExpressionToFilterTranslator.Translate(TranslationContext context, Expression expression, Boolean exprOk)
   at MongoDB.Driver.Linq.Linq3Implementation.Translators.ExpressionToFilterTranslators.ExpressionTranslators.AndExpressionToFilterTranslator.Translate(TranslationContext context, BinaryExpression expression)
   at MongoDB.Driver.Linq.Linq3Implementation.Translators.ExpressionToFilterTranslators.ExpressionToFilterTranslator.TranslateUsingQueryOperators(TranslationContext context, Expression expression)
   at MongoDB.Driver.Linq.Linq3Implementation.Translators.ExpressionToFilterTranslators.ExpressionToFilterTranslator.Translate(TranslationContext context, Expression expression, Boolean exprOk)
   at MongoDB.Driver.Linq.Linq3Implementation.Translators.ExpressionToFilterTranslators.ExpressionToFilterTranslator.TranslateLambda(TranslationContext context, LambdaExpression lambdaExpression, IBsonSerializer parameterSerializer, Boolean asRoot)
   at MongoDB.Driver.Linq.Linq3Implementation.Translators.ExpressionToPipelineTranslators.WhereMethodToPipelineTranslator.Translate(TranslationContext context, MethodCallExpression expression)
   at MongoDB.Driver.Linq.Linq3Implementation.Translators.ExpressionToPipelineTranslators.ExpressionToPipelineTranslator.Translate(TranslationContext context, Expression expression)
   at MongoDB.Driver.Linq.Linq3Implementation.Translators.ExpressionToPipelineTranslators.AsMethodToPipelineTranslator.Translate(TranslationContext context, MethodCallExpression expression)
   at MongoDB.Driver.Linq.Linq3Implementation.Translators.ExpressionToPipelineTranslators.ExpressionToPipelineTranslator.Translate(TranslationContext context, Expression expression)
   at MongoDB.Driver.Linq.Linq3Implementation.Translators.ExpressionToExecutableQueryTranslators.ExpressionToExecutableQueryTranslator.Translate[TDocument,TOutput](MongoQueryProvider`1 provider, Expression expression)
   at MongoDB.Driver.Linq.Linq3Implementation.MongoQuery`2.Execute()
   at MongoDB.Driver.Linq.Linq3Implementation.MongoQuery`2.GetEnumerator()
   at MongoDB.EntityFrameworkCore.Query.QueryingEnumerable`2.Enumerator.MoveNextHelper()
   at MongoDB.EntityFrameworkCore.Query.QueryingEnumerable`2.Enumerator.MoveNextAsync()
System.NotSupportedException: No known serializer for type 'DateOnly'.
   at MongoDB.EntityFrameworkCore.Serializers.BsonSerializerFactory.CreateTypeSerializer(Type type, IReadOnlyProperty property)
   at MongoDB.EntityFrameworkCore.Serializers.BsonSerializerFactory.CreateTypeSerializer(IReadOnlyProperty property)
   at MongoDB.EntityFrameworkCore.Serializers.BsonSerializerFactory.GetPropertySerializationInfo(IReadOnlyProperty property)
   at MongoDB.EntityFrameworkCore.Serializers.EntitySerializer`1.TryGetMemberSerializationInfo(String memberName, BsonSerializationInfo& serializationInfo)
   at MongoDB.Driver.Linq.Linq3Implementation.Translators.ExpressionToFilterTranslators.ToFilterFieldTranslators.MemberExpressionToFilterFieldTranslator.Translate(TranslationContext context, MemberExpression memberExpression)
   at MongoDB.Driver.Linq.Linq3Implementation.Translators.ExpressionToFilterTranslators.ToFilterFieldTranslators.ExpressionToFilterFieldTranslator.Translate(TranslationContext context, Expression expression)
   at MongoDB.Driver.Linq.Linq3Implementation.Translators.ExpressionToFilterTranslators.ExpressionTranslators.ComparisonExpressionToFilterTranslator.Translate(TranslationContext context, BinaryExpression expression)
   at MongoDB.Driver.Linq.Linq3Implementation.Translators.ExpressionToFilterTranslators.ExpressionToFilterTranslator.TranslateUsingQueryOperators(TranslationContext context, Expression expression)
   at MongoDB.Driver.Linq.Linq3Implementation.Translators.ExpressionToFilterTranslators.ExpressionToFilterTranslator.Translate(TranslationContext context, Expression expression, Boolean exprOk)
   at MongoDB.Driver.Linq.Linq3Implementation.Translators.ExpressionToFilterTranslators.ExpressionTranslators.AndExpressionToFilterTranslator.Translate(TranslationContext context, BinaryExpression expression)
   at MongoDB.Driver.Linq.Linq3Implementation.Translators.ExpressionToFilterTranslators.ExpressionToFilterTranslator.TranslateUsingQueryOperators(TranslationContext context, Expression expression)
   at MongoDB.Driver.Linq.Linq3Implementation.Translators.ExpressionToFilterTranslators.ExpressionToFilterTranslator.Translate(TranslationContext context, Expression expression, Boolean exprOk)
   at MongoDB.Driver.Linq.Linq3Implementation.Translators.ExpressionToFilterTranslators.ExpressionTranslators.AndExpressionToFilterTranslator.Translate(TranslationContext context, BinaryExpression expression)
   at MongoDB.Driver.Linq.Linq3Implementation.Translators.ExpressionToFilterTranslators.ExpressionToFilterTranslator.TranslateUsingQueryOperators(TranslationContext context, Expression expression)
   at MongoDB.Driver.Linq.Linq3Implementation.Translators.ExpressionToFilterTranslators.ExpressionToFilterTranslator.Translate(TranslationContext context, Expression expression, Boolean exprOk)
   at MongoDB.Driver.Linq.Linq3Implementation.Translators.ExpressionToFilterTranslators.ExpressionTranslators.AndExpressionToFilterTranslator.Translate(TranslationContext context, BinaryExpression expression)
   at MongoDB.Driver.Linq.Linq3Implementation.Translators.ExpressionToFilterTranslators.ExpressionToFilterTranslator.TranslateUsingQueryOperators(TranslationContext context, Expression expression)
   at MongoDB.Driver.Linq.Linq3Implementation.Translators.ExpressionToFilterTranslators.ExpressionToFilterTranslator.Translate(TranslationContext context, Expression expression, Boolean exprOk)
   at MongoDB.Driver.Linq.Linq3Implementation.Translators.ExpressionToFilterTranslators.ExpressionToFilterTranslator.TranslateLambda(TranslationContext context, LambdaExpression lambdaExpression, IBsonSerializer parameterSerializer, Boolean asRoot)
   at MongoDB.Driver.Linq.Linq3Implementation.Translators.ExpressionToPipelineTranslators.WhereMethodToPipelineTranslator.Translate(TranslationContext context, MethodCallExpression expression)
   at MongoDB.Driver.Linq.Linq3Implementation.Translators.ExpressionToPipelineTranslators.ExpressionToPipelineTranslator.Translate(TranslationContext context, Expression expression)
   at MongoDB.Driver.Linq.Linq3Implementation.Translators.ExpressionToPipelineTranslators.AsMethodToPipelineTranslator.Translate(TranslationContext context, MethodCallExpression expression)
   at MongoDB.Driver.Linq.Linq3Implementation.Translators.ExpressionToPipelineTranslators.ExpressionToPipelineTranslator.Translate(TranslationContext context, Expression expression)
   at MongoDB.Driver.Linq.Linq3Implementation.Translators.ExpressionToExecutableQueryTranslators.ExpressionToExecutableQueryTranslator.Translate[TDocument,TOutput](MongoQueryProvider`1 provider, Expression expression)
   at MongoDB.Driver.Linq.Linq3Implementation.MongoQuery`2.Execute()
   at MongoDB.Driver.Linq.Linq3Implementation.MongoQuery`2.GetEnumerator()
   at MongoDB.EntityFrameworkCore.Query.QueryingEnumerable`2.Enumerator.MoveNextHelper()
   at MongoDB.EntityFrameworkCore.Query.QueryingEnumerable`2.Enumerator.MoveNextAsync()
[09:37:22 INF] Executed action MoneyRecord.API.Controllers.ReportsController.Dashboard (MoneyRecord.API) in 78.5705ms
[09:37:22 INF] Executed endpoint 'MoneyRecord.API.Controllers.ReportsController.Dashboard (MoneyRecord.API)'
[09:37:22 ERR] An unhandled exception has occurred while executing the request.
System.NotSupportedException: No known serializer for type 'DateOnly'.
   at MongoDB.EntityFrameworkCore.Serializers.BsonSerializerFactory.CreateTypeSerializer(Type type, IReadOnlyProperty property)
   at MongoDB.EntityFrameworkCore.Serializers.BsonSerializerFactory.CreateTypeSerializer(IReadOnlyProperty property)
   at MongoDB.EntityFrameworkCore.Serializers.BsonSerializerFactory.GetPropertySerializationInfo(IReadOnlyProperty property)
   at MongoDB.EntityFrameworkCore.Serializers.EntitySerializer`1.TryGetMemberSerializationInfo(String memberName, BsonSerializationInfo& serializationInfo)
   at MongoDB.Driver.Linq.Linq3Implementation.Translators.ExpressionToFilterTranslators.ToFilterFieldTranslators.MemberExpressionToFilterFieldTranslator.Translate(TranslationContext context, MemberExpression memberExpression)
   at MongoDB.Driver.Linq.Linq3Implementation.Translators.ExpressionToFilterTranslators.ToFilterFieldTranslators.ExpressionToFilterFieldTranslator.Translate(TranslationContext context, Expression expression)
   at MongoDB.Driver.Linq.Linq3Implementation.Translators.ExpressionToFilterTranslators.ExpressionTranslators.ComparisonExpressionToFilterTranslator.Translate(TranslationContext context, BinaryExpression expression)
   at MongoDB.Driver.Linq.Linq3Implementation.Translators.ExpressionToFilterTranslators.ExpressionToFilterTranslator.TranslateUsingQueryOperators(TranslationContext context, Expression expression)
   at MongoDB.Driver.Linq.Linq3Implementation.Translators.ExpressionToFilterTranslators.ExpressionToFilterTranslator.Translate(TranslationContext context, Expression expression, Boolean exprOk)
   at MongoDB.Driver.Linq.Linq3Implementation.Translators.ExpressionToFilterTranslators.ExpressionTranslators.AndExpressionToFilterTranslator.Translate(TranslationContext context, BinaryExpression expression)
   at MongoDB.Driver.Linq.Linq3Implementation.Translators.ExpressionToFilterTranslators.ExpressionToFilterTranslator.TranslateUsingQueryOperators(TranslationContext context, Expression expression)
   at MongoDB.Driver.Linq.Linq3Implementation.Translators.ExpressionToFilterTranslators.ExpressionToFilterTranslator.Translate(TranslationContext context, Expression expression, Boolean exprOk)
   at MongoDB.Driver.Linq.Linq3Implementation.Translators.ExpressionToFilterTranslators.ExpressionTranslators.AndExpressionToFilterTranslator.Translate(TranslationContext context, BinaryExpression expression)
   at MongoDB.Driver.Linq.Linq3Implementation.Translators.ExpressionToFilterTranslators.ExpressionToFilterTranslator.TranslateUsingQueryOperators(TranslationContext context, Expression expression)
   at MongoDB.Driver.Linq.Linq3Implementation.Translators.ExpressionToFilterTranslators.ExpressionToFilterTranslator.Translate(TranslationContext context, Expression expression, Boolean exprOk)
   at MongoDB.Driver.Linq.Linq3Implementation.Translators.ExpressionToFilterTranslators.ExpressionTranslators.AndExpressionToFilterTranslator.Translate(TranslationContext context, BinaryExpression expression)
   at MongoDB.Driver.Linq.Linq3Implementation.Translators.ExpressionToFilterTranslators.ExpressionToFilterTranslator.TranslateUsingQueryOperators(TranslationContext context, Expression expression)
   at MongoDB.Driver.Linq.Linq3Implementation.Translators.ExpressionToFilterTranslators.ExpressionToFilterTranslator.Translate(TranslationContext context, Expression expression, Boolean exprOk)
   at MongoDB.Driver.Linq.Linq3Implementation.Translators.ExpressionToFilterTranslators.ExpressionToFilterTranslator.TranslateLambda(TranslationContext context, LambdaExpression lambdaExpression, IBsonSerializer parameterSerializer, Boolean asRoot)
   at MongoDB.Driver.Linq.Linq3Implementation.Translators.ExpressionToPipelineTranslators.WhereMethodToPipelineTranslator.Translate(TranslationContext context, MethodCallExpression expression)
   at MongoDB.Driver.Linq.Linq3Implementation.Translators.ExpressionToPipelineTranslators.ExpressionToPipelineTranslator.Translate(TranslationContext context, Expression expression)
   at MongoDB.Driver.Linq.Linq3Implementation.Translators.ExpressionToPipelineTranslators.AsMethodToPipelineTranslator.Translate(TranslationContext context, MethodCallExpression expression)
   at MongoDB.Driver.Linq.Linq3Implementation.Translators.ExpressionToPipelineTranslators.ExpressionToPipelineTranslator.Translate(TranslationContext context, Expression expression)
   at MongoDB.Driver.Linq.Linq3Implementation.Translators.ExpressionToExecutableQueryTranslators.ExpressionToExecutableQueryTranslator.Translate[TDocument,TOutput](MongoQueryProvider`1 provider, Expression expression)
   at MongoDB.Driver.Linq.Linq3Implementation.MongoQuery`2.Execute()
   at MongoDB.Driver.Linq.Linq3Implementation.MongoQuery`2.GetEnumerator()
   at MongoDB.EntityFrameworkCore.Query.QueryingEnumerable`2.Enumerator.MoveNextHelper()
   at MongoDB.EntityFrameworkCore.Query.QueryingEnumerable`2.Enumerator.MoveNextAsync()
   at System.Runtime.CompilerServices.ConfiguredCancelableAsyncEnumerable`1.Enumerator.MoveNextAsync()
   at Microsoft.EntityFrameworkCore.EntityFrameworkQueryableExtensions.ToListAsync[TSource](IQueryable`1 source, CancellationToken cancellationToken)
   at Microsoft.EntityFrameworkCore.EntityFrameworkQueryableExtensions.ToListAsync[TSource](IQueryable`1 source, CancellationToken cancellationToken)
   at MoneyRecord.Application.Reports.Queries.GetDashboardQueryHandler.Handle(GetDashboardQuery request, CancellationToken ct) in D:\New\MoneyRecord\backend\src\MoneyRecord.Application\Reports\Queries\ReportQueries.cs:line 104
   at MoneyRecord.Application.Common.Behaviors.TransactionBehavior`2.Handle(TRequest request, RequestHandlerDelegate`1 next, CancellationToken cancellationToken) in D:\New\MoneyRecord\backend\src\MoneyRecord.Application\Common\Behaviors\TransactionBehavior.cs:line 32
   at MoneyRecord.Application.Common.Behaviors.ValidationBehavior`2.Handle(TRequest request, RequestHandlerDelegate`1 next, CancellationToken cancellationToken) in D:\New\MoneyRecord\backend\src\MoneyRecord.Application\Common\Behaviors\ValidationBehavior.cs:line 21
   at MoneyRecord.API.Controllers.ReportsController.Dashboard(Nullable`1 date, CancellationToken ct) in D:\New\MoneyRecord\backend\src\MoneyRecord.API\Controllers\ReportsController.cs:line 29
   at Microsoft.AspNetCore.Mvc.Infrastructure.ActionMethodExecutor.TaskOfIActionResultExecutor.Execute(ActionContext actionContext, IActionResultTypeMapper mapper, ObjectMethodExecutor executor, Object controller, Object[] arguments)
   at Microsoft.AspNetCore.Mvc.Infrastructure.ControllerActionInvoker.<InvokeActionMethodAsync>g__Awaited|12_0(ControllerActionInvoker invoker, ValueTask`1 actionResultValueTask)
   at Microsoft.AspNetCore.Mvc.Infrastructure.ControllerActionInvoker.<InvokeNextActionFilterAsync>g__Awaited|10_0(ControllerActionInvoker invoker, Task lastTask, State next, Scope scope, Object state, Boolean isCompleted)
   at Microsoft.AspNetCore.Mvc.Infrastructure.ControllerActionInvoker.Rethrow(ActionExecutedContextSealed context)
   at Microsoft.AspNetCore.Mvc.Infrastructure.ControllerActionInvoker.Next(State& next, Scope& scope, Object& state, Boolean& isCompleted)
   at Microsoft.AspNetCore.Mvc.Infrastructure.ControllerActionInvoker.InvokeInnerFilterAsync()
--- End of stack trace from previous location ---
   at Microsoft.AspNetCore.Mvc.Infrastructure.ResourceInvoker.<InvokeFilterPipelineAsync>g__Awaited|20_0(ResourceInvoker invoker, Task lastTask, State next, Scope scope, Object state, Boolean isCompleted)
   at Microsoft.AspNetCore.Mvc.Infrastructure.ResourceInvoker.<InvokeAsync>g__Logged|17_1(ResourceInvoker invoker)
   at Microsoft.AspNetCore.Mvc.Infrastructure.ResourceInvoker.<InvokeAsync>g__Logged|17_1(ResourceInvoker invoker)
   at Microsoft.AspNetCore.Routing.EndpointMiddleware.<Invoke>g__AwaitRequestTask|7_0(Endpoint endpoint, Task requestTask, ILogger logger)
   at Microsoft.AspNetCore.Authorization.AuthorizationMiddleware.Invoke(HttpContext context)
   at Microsoft.AspNetCore.Authentication.AuthenticationMiddleware.Invoke(HttpContext context)
   at Microsoft.AspNetCore.Diagnostics.ExceptionHandlerMiddlewareImpl.<Invoke>g__Awaited|10_0(ExceptionHandlerMiddlewareImpl middleware, HttpContext context, Task task)
[09:37:22 INF] Request finished HTTP/1.1 GET http://localhost:8080/reports/dashboard - 500 null application/json; charset=utf-8 172.5644ms
[09:37:22 INF] Request starting HTTP/1.1 GET http://localhost:8080/reports/daily?date=2026-08-26 - null null
[09:37:22 INF] Executing endpoint 'MoneyRecord.API.Controllers.ReportsController.Daily (MoneyRecord.API)'
[09:37:22 INF] Route matched with {action = "Daily", controller = "Reports"}. Executing controller action with signature System.Threading.Tasks.Task`1[Microsoft.AspNetCore.Mvc.IActionResult] Daily(System.Nullable`1[System.DateOnly], System.String, System.String, System.Threading.CancellationToken) on controller MoneyRecord.API.Controllers.ReportsController (MoneyRecord.API).
[09:37:22 ERR] An exception occurred while iterating over the results of a query for context type 'MoneyRecord.Infrastructure.Persistence.MoneyRecordDbContext'.
System.NotSupportedException: No known serializer for type 'DateOnly'.
   at MongoDB.EntityFrameworkCore.Serializers.BsonSerializerFactory.CreateTypeSerializer(Type type, IReadOnlyProperty property)
   at MongoDB.EntityFrameworkCore.Serializers.BsonSerializerFactory.CreateTypeSerializer(IReadOnlyProperty property)
   at MongoDB.EntityFrameworkCore.Serializers.BsonSerializerFactory.GetPropertySerializationInfo(IReadOnlyProperty property)
   at MongoDB.EntityFrameworkCore.Serializers.EntitySerializer`1.TryGetMemberSerializationInfo(String memberName, BsonSerializationInfo& serializationInfo)
   at MongoDB.Driver.Linq.Linq3Implementation.Translators.ExpressionToFilterTranslators.ToFilterFieldTranslators.MemberExpressionToFilterFieldTranslator.Translate(TranslationContext context, MemberExpression memberExpression)
   at MongoDB.Driver.Linq.Linq3Implementation.Translators.ExpressionToFilterTranslators.ToFilterFieldTranslators.ExpressionToFilterFieldTranslator.Translate(TranslationContext context, Expression expression)
   at MongoDB.Driver.Linq.Linq3Implementation.Translators.ExpressionToFilterTranslators.ExpressionTranslators.ComparisonExpressionToFilterTranslator.Translate(TranslationContext context, BinaryExpression expression)
   at MongoDB.Driver.Linq.Linq3Implementation.Translators.ExpressionToFilterTranslators.ExpressionToFilterTranslator.TranslateUsingQueryOperators(TranslationContext context, Expression expression)
   at MongoDB.Driver.Linq.Linq3Implementation.Translators.ExpressionToFilterTranslators.ExpressionToFilterTranslator.Translate(TranslationContext context, Expression expression, Boolean exprOk)
   at MongoDB.Driver.Linq.Linq3Implementation.Translators.ExpressionToFilterTranslators.ExpressionTranslators.AndExpressionToFilterTranslator.Translate(TranslationContext context, BinaryExpression expression)
   at MongoDB.Driver.Linq.Linq3Implementation.Translators.ExpressionToFilterTranslators.ExpressionToFilterTranslator.TranslateUsingQueryOperators(TranslationContext context, Expression expression)
   at MongoDB.Driver.Linq.Linq3Implementation.Translators.ExpressionToFilterTranslators.ExpressionToFilterTranslator.Translate(TranslationContext context, Expression expression, Boolean exprOk)
   at MongoDB.Driver.Linq.Linq3Implementation.Translators.ExpressionToFilterTranslators.ExpressionToFilterTranslator.TranslateLambda(TranslationContext context, LambdaExpression lambdaExpression, IBsonSerializer parameterSerializer, Boolean asRoot)
   at MongoDB.Driver.Linq.Linq3Implementation.Translators.ExpressionToPipelineTranslators.WhereMethodToPipelineTranslator.Translate(TranslationContext context, MethodCallExpression expression)
   at MongoDB.Driver.Linq.Linq3Implementation.Translators.ExpressionToPipelineTranslators.ExpressionToPipelineTranslator.Translate(TranslationContext context, Expression expression)
   at MongoDB.Driver.Linq.Linq3Implementation.Translators.ExpressionToPipelineTranslators.AsMethodToPipelineTranslator.Translate(TranslationContext context, MethodCallExpression expression)
   at MongoDB.Driver.Linq.Linq3Implementation.Translators.ExpressionToPipelineTranslators.ExpressionToPipelineTranslator.Translate(TranslationContext context, Expression expression)
   at MongoDB.Driver.Linq.Linq3Implementation.Translators.ExpressionToExecutableQueryTranslators.ExpressionToExecutableQueryTranslator.Translate[TDocument,TOutput](MongoQueryProvider`1 provider, Expression expression)
   at MongoDB.Driver.Linq.Linq3Implementation.MongoQuery`2.Execute()
   at MongoDB.Driver.Linq.Linq3Implementation.MongoQuery`2.GetEnumerator()
   at MongoDB.EntityFrameworkCore.Query.QueryingEnumerable`2.Enumerator.MoveNextHelper()
   at MongoDB.EntityFrameworkCore.Query.QueryingEnumerable`2.Enumerator.MoveNextAsync()
System.NotSupportedException: No known serializer for type 'DateOnly'.
   at MongoDB.EntityFrameworkCore.Serializers.BsonSerializerFactory.CreateTypeSerializer(Type type, IReadOnlyProperty property)
   at MongoDB.EntityFrameworkCore.Serializers.BsonSerializerFactory.CreateTypeSerializer(IReadOnlyProperty property)
   at MongoDB.EntityFrameworkCore.Serializers.BsonSerializerFactory.GetPropertySerializationInfo(IReadOnlyProperty property)
   at MongoDB.EntityFrameworkCore.Serializers.EntitySerializer`1.TryGetMemberSerializationInfo(String memberName, BsonSerializationInfo& serializationInfo)
   at MongoDB.Driver.Linq.Linq3Implementation.Translators.ExpressionToFilterTranslators.ToFilterFieldTranslators.MemberExpressionToFilterFieldTranslator.Translate(TranslationContext context, MemberExpression memberExpression)
   at MongoDB.Driver.Linq.Linq3Implementation.Translators.ExpressionToFilterTranslators.ToFilterFieldTranslators.ExpressionToFilterFieldTranslator.Translate(TranslationContext context, Expression expression)
   at MongoDB.Driver.Linq.Linq3Implementation.Translators.ExpressionToFilterTranslators.ExpressionTranslators.ComparisonExpressionToFilterTranslator.Translate(TranslationContext context, BinaryExpression expression)
   at MongoDB.Driver.Linq.Linq3Implementation.Translators.ExpressionToFilterTranslators.ExpressionToFilterTranslator.TranslateUsingQueryOperators(TranslationContext context, Expression expression)
   at MongoDB.Driver.Linq.Linq3Implementation.Translators.ExpressionToFilterTranslators.ExpressionToFilterTranslator.Translate(TranslationContext context, Expression expression, Boolean exprOk)
   at MongoDB.Driver.Linq.Linq3Implementation.Translators.ExpressionToFilterTranslators.ExpressionTranslators.AndExpressionToFilterTranslator.Translate(TranslationContext context, BinaryExpression expression)
   at MongoDB.Driver.Linq.Linq3Implementation.Translators.ExpressionToFilterTranslators.ExpressionToFilterTranslator.TranslateUsingQueryOperators(TranslationContext context, Expression expression)
   at MongoDB.Driver.Linq.Linq3Implementation.Translators.ExpressionToFilterTranslators.ExpressionToFilterTranslator.Translate(TranslationContext context, Expression expression, Boolean exprOk)
   at MongoDB.Driver.Linq.Linq3Implementation.Translators.ExpressionToFilterTranslators.ExpressionToFilterTranslator.TranslateLambda(TranslationContext context, LambdaExpression lambdaExpression, IBsonSerializer parameterSerializer, Boolean asRoot)
   at MongoDB.Driver.Linq.Linq3Implementation.Translators.ExpressionToPipelineTranslators.WhereMethodToPipelineTranslator.Translate(TranslationContext context, MethodCallExpression expression)
   at MongoDB.Driver.Linq.Linq3Implementation.Translators.ExpressionToPipelineTranslators.ExpressionToPipelineTranslator.Translate(TranslationContext context, Expression expression)
   at MongoDB.Driver.Linq.Linq3Implementation.Translators.ExpressionToPipelineTranslators.AsMethodToPipelineTranslator.Translate(TranslationContext context, MethodCallExpression expression)
   at MongoDB.Driver.Linq.Linq3Implementation.Translators.ExpressionToPipelineTranslators.ExpressionToPipelineTranslator.Translate(TranslationContext context, Expression expression)
   at MongoDB.Driver.Linq.Linq3Implementation.Translators.ExpressionToExecutableQueryTranslators.ExpressionToExecutableQueryTranslator.Translate[TDocument,TOutput](MongoQueryProvider`1 provider, Expression expression)
   at MongoDB.Driver.Linq.Linq3Implementation.MongoQuery`2.Execute()
   at MongoDB.Driver.Linq.Linq3Implementation.MongoQuery`2.GetEnumerator()
   at MongoDB.EntityFrameworkCore.Query.QueryingEnumerable`2.Enumerator.MoveNextHelper()
   at MongoDB.EntityFrameworkCore.Query.QueryingEnumerable`2.Enumerator.MoveNextAsync()
[09:37:22 INF] Executed action MoneyRecord.API.Controllers.ReportsController.Daily (MoneyRecord.API) in 50.6114ms
[09:37:22 INF] Executed endpoint 'MoneyRecord.API.Controllers.ReportsController.Daily (MoneyRecord.API)'
[09:37:22 ERR] An unhandled exception has occurred while executing the request.
System.NotSupportedException: No known serializer for type 'DateOnly'.
   at MongoDB.EntityFrameworkCore.Serializers.BsonSerializerFactory.CreateTypeSerializer(Type type, IReadOnlyProperty property)
   at MongoDB.EntityFrameworkCore.Serializers.BsonSerializerFactory.CreateTypeSerializer(IReadOnlyProperty property)
   at MongoDB.EntityFrameworkCore.Serializers.BsonSerializerFactory.GetPropertySerializationInfo(IReadOnlyProperty property)
   at MongoDB.EntityFrameworkCore.Serializers.EntitySerializer`1.TryGetMemberSerializationInfo(String memberName, BsonSerializationInfo& serializationInfo)
   at MongoDB.Driver.Linq.Linq3Implementation.Translators.ExpressionToFilterTranslators.ToFilterFieldTranslators.MemberExpressionToFilterFieldTranslator.Translate(TranslationContext context, MemberExpression memberExpression)
   at MongoDB.Driver.Linq.Linq3Implementation.Translators.ExpressionToFilterTranslators.ToFilterFieldTranslators.ExpressionToFilterFieldTranslator.Translate(TranslationContext context, Expression expression)
   at MongoDB.Driver.Linq.Linq3Implementation.Translators.ExpressionToFilterTranslators.ExpressionTranslators.ComparisonExpressionToFilterTranslator.Translate(TranslationContext context, BinaryExpression expression)
   at MongoDB.Driver.Linq.Linq3Implementation.Translators.ExpressionToFilterTranslators.ExpressionToFilterTranslator.TranslateUsingQueryOperators(TranslationContext context, Expression expression)
   at MongoDB.Driver.Linq.Linq3Implementation.Translators.ExpressionToFilterTranslators.ExpressionToFilterTranslator.Translate(TranslationContext context, Expression expression, Boolean exprOk)
   at MongoDB.Driver.Linq.Linq3Implementation.Translators.ExpressionToFilterTranslators.ExpressionTranslators.AndExpressionToFilterTranslator.Translate(TranslationContext context, BinaryExpression expression)
   at MongoDB.Driver.Linq.Linq3Implementation.Translators.ExpressionToFilterTranslators.ExpressionToFilterTranslator.TranslateUsingQueryOperators(TranslationContext context, Expression expression)
   at MongoDB.Driver.Linq.Linq3Implementation.Translators.ExpressionToFilterTranslators.ExpressionToFilterTranslator.Translate(TranslationContext context, Expression expression, Boolean exprOk)
   at MongoDB.Driver.Linq.Linq3Implementation.Translators.ExpressionToFilterTranslators.ExpressionToFilterTranslator.TranslateLambda(TranslationContext context, LambdaExpression lambdaExpression, IBsonSerializer parameterSerializer, Boolean asRoot)
   at MongoDB.Driver.Linq.Linq3Implementation.Translators.ExpressionToPipelineTranslators.WhereMethodToPipelineTranslator.Translate(TranslationContext context, MethodCallExpression expression)
   at MongoDB.Driver.Linq.Linq3Implementation.Translators.ExpressionToPipelineTranslators.ExpressionToPipelineTranslator.Translate(TranslationContext context, Expression expression)
   at MongoDB.Driver.Linq.Linq3Implementation.Translators.ExpressionToPipelineTranslators.AsMethodToPipelineTranslator.Translate(TranslationContext context, MethodCallExpression expression)
   at MongoDB.Driver.Linq.Linq3Implementation.Translators.ExpressionToPipelineTranslators.ExpressionToPipelineTranslator.Translate(TranslationContext context, Expression expression)
   at MongoDB.Driver.Linq.Linq3Implementation.Translators.ExpressionToExecutableQueryTranslators.ExpressionToExecutableQueryTranslator.Translate[TDocument,TOutput](MongoQueryProvider`1 provider, Expression expression)
   at MongoDB.Driver.Linq.Linq3Implementation.MongoQuery`2.Execute()
   at MongoDB.Driver.Linq.Linq3Implementation.MongoQuery`2.GetEnumerator()
   at MongoDB.EntityFrameworkCore.Query.QueryingEnumerable`2.Enumerator.MoveNextHelper()
   at MongoDB.EntityFrameworkCore.Query.QueryingEnumerable`2.Enumerator.MoveNextAsync()
   at System.Runtime.CompilerServices.ConfiguredCancelableAsyncEnumerable`1.Enumerator.MoveNextAsync()
   at Microsoft.EntityFrameworkCore.EntityFrameworkQueryableExtensions.ToListAsync[TSource](IQueryable`1 source, CancellationToken cancellationToken)
   at Microsoft.EntityFrameworkCore.EntityFrameworkQueryableExtensions.ToListAsync[TSource](IQueryable`1 source, CancellationToken cancellationToken)
   at MoneyRecord.Application.Reports.Queries.GetDailyReportQueryHandler.Handle(GetDailyReportQuery request, CancellationToken ct) in D:\New\MoneyRecord\backend\src\MoneyRecord.Application\Reports\Queries\ReportQueries.cs:line 196
   at MoneyRecord.Application.Common.Behaviors.TransactionBehavior`2.Handle(TRequest request, RequestHandlerDelegate`1 next, CancellationToken cancellationToken) in D:\New\MoneyRecord\backend\src\MoneyRecord.Application\Common\Behaviors\TransactionBehavior.cs:line 32
   at MoneyRecord.Application.Common.Behaviors.ValidationBehavior`2.Handle(TRequest request, RequestHandlerDelegate`1 next, CancellationToken cancellationToken) in D:\New\MoneyRecord\backend\src\MoneyRecord.Application\Common\Behaviors\ValidationBehavior.cs:line 31
   at MoneyRecord.API.Controllers.ReportsController.Daily(Nullable`1 date, String groupBy, String format, CancellationToken ct) in D:\New\MoneyRecord\backend\src\MoneyRecord.API\Controllers\ReportsController.cs:line 53
   at Microsoft.AspNetCore.Mvc.Infrastructure.ActionMethodExecutor.TaskOfIActionResultExecutor.Execute(ActionContext actionContext, IActionResultTypeMapper mapper, ObjectMethodExecutor executor, Object controller, Object[] arguments)
   at Microsoft.AspNetCore.Mvc.Infrastructure.ControllerActionInvoker.<InvokeActionMethodAsync>g__Awaited|12_0(ControllerActionInvoker invoker, ValueTask`1 actionResultValueTask)
   at Microsoft.AspNetCore.Mvc.Infrastructure.ControllerActionInvoker.<InvokeNextActionFilterAsync>g__Awaited|10_0(ControllerActionInvoker invoker, Task lastTask, State next, Scope scope, Object state, Boolean isCompleted)
   at Microsoft.AspNetCore.Mvc.Infrastructure.ControllerActionInvoker.Rethrow(ActionExecutedContextSealed context)
   at Microsoft.AspNetCore.Mvc.Infrastructure.ControllerActionInvoker.Next(State& next, Scope& scope, Object& state, Boolean& isCompleted)
   at Microsoft.AspNetCore.Mvc.Infrastructure.ControllerActionInvoker.InvokeInnerFilterAsync()
--- End of stack trace from previous location ---
   at Microsoft.AspNetCore.Mvc.Infrastructure.ResourceInvoker.<InvokeFilterPipelineAsync>g__Awaited|20_0(ResourceInvoker invoker, Task lastTask, State next, Scope scope, Object state, Boolean isCompleted)
   at Microsoft.AspNetCore.Mvc.Infrastructure.ResourceInvoker.<InvokeAsync>g__Logged|17_1(ResourceInvoker invoker)
   at Microsoft.AspNetCore.Mvc.Infrastructure.ResourceInvoker.<InvokeAsync>g__Logged|17_1(ResourceInvoker invoker)
   at Microsoft.AspNetCore.Routing.EndpointMiddleware.<Invoke>g__AwaitRequestTask|7_0(Endpoint endpoint, Task requestTask, ILogger logger)
   at Microsoft.AspNetCore.Authorization.AuthorizationMiddleware.Invoke(HttpContext context)
   at Microsoft.AspNetCore.Authentication.AuthenticationMiddleware.Invoke(HttpContext context)
   at Microsoft.AspNetCore.Diagnostics.ExceptionHandlerMiddlewareImpl.<Invoke>g__Awaited|10_0(ExceptionHandlerMiddlewareImpl middleware, HttpContext context, Task task)
[09:37:22 INF] Request finished HTTP/1.1 GET http://localhost:8080/reports/daily?date=2026-08-26 - 500 null application/json; charset=utf-8 87.8459ms
[09:37:22 INF] Request starting HTTP/1.1 GET http://localhost:8080/reports/monthly?year=2026&month=8 - null null
[09:37:22 INF] Executing endpoint 'MoneyRecord.API.Controllers.ReportsController.Monthly (MoneyRecord.API)'
[09:37:22 INF] Route matched with {action = "Monthly", controller = "Reports"}. Executing controller action with signature System.Threading.Tasks.Task`1[Microsoft.AspNetCore.Mvc.IActionResult] Monthly(System.Nullable`1[System.Int32], System.Nullable`1[System.Int32], System.String, System.Threading.CancellationToken) on controller MoneyRecord.API.Controllers.ReportsController (MoneyRecord.API).
[09:37:22 ERR] An exception occurred while iterating over the results of a query for context type 'MoneyRecord.Infrastructure.Persistence.MoneyRecordDbContext'.
System.NotSupportedException: No known serializer for type 'DateOnly'.
   at MongoDB.EntityFrameworkCore.Serializers.BsonSerializerFactory.CreateTypeSerializer(Type type, IReadOnlyProperty property)
   at MongoDB.EntityFrameworkCore.Serializers.BsonSerializerFactory.CreateTypeSerializer(IReadOnlyProperty property)
   at MongoDB.EntityFrameworkCore.Serializers.BsonSerializerFactory.GetPropertySerializationInfo(IReadOnlyProperty property)
   at MongoDB.EntityFrameworkCore.Serializers.EntitySerializer`1.TryGetMemberSerializationInfo(String memberName, BsonSerializationInfo& serializationInfo)
   at MongoDB.Driver.Linq.Linq3Implementation.Translators.ExpressionToFilterTranslators.ToFilterFieldTranslators.MemberExpressionToFilterFieldTranslator.Translate(TranslationContext context, MemberExpression memberExpression)
   at MongoDB.Driver.Linq.Linq3Implementation.Translators.ExpressionToFilterTranslators.ToFilterFieldTranslators.ExpressionToFilterFieldTranslator.Translate(TranslationContext context, Expression expression)
   at MongoDB.Driver.Linq.Linq3Implementation.Translators.ExpressionToFilterTranslators.ExpressionTranslators.ComparisonExpressionToFilterTranslator.Translate(TranslationContext context, BinaryExpression expression)
   at MongoDB.Driver.Linq.Linq3Implementation.Translators.ExpressionToFilterTranslators.ExpressionToFilterTranslator.TranslateUsingQueryOperators(TranslationContext context, Expression expression)
   at MongoDB.Driver.Linq.Linq3Implementation.Translators.ExpressionToFilterTranslators.ExpressionToFilterTranslator.Translate(TranslationContext context, Expression expression, Boolean exprOk)
   at MongoDB.Driver.Linq.Linq3Implementation.Translators.ExpressionToFilterTranslators.ExpressionTranslators.AndExpressionToFilterTranslator.Translate(TranslationContext context, BinaryExpression expression)
   at MongoDB.Driver.Linq.Linq3Implementation.Translators.ExpressionToFilterTranslators.ExpressionToFilterTranslator.TranslateUsingQueryOperators(TranslationContext context, Expression expression)
   at MongoDB.Driver.Linq.Linq3Implementation.Translators.ExpressionToFilterTranslators.ExpressionToFilterTranslator.Translate(TranslationContext context, Expression expression, Boolean exprOk)
   at MongoDB.Driver.Linq.Linq3Implementation.Translators.ExpressionToFilterTranslators.ExpressionTranslators.AndExpressionToFilterTranslator.Translate(TranslationContext context, BinaryExpression expression)
   at MongoDB.Driver.Linq.Linq3Implementation.Translators.ExpressionToFilterTranslators.ExpressionToFilterTranslator.TranslateUsingQueryOperators(TranslationContext context, Expression expression)
   at MongoDB.Driver.Linq.Linq3Implementation.Translators.ExpressionToFilterTranslators.ExpressionToFilterTranslator.Translate(TranslationContext context, Expression expression, Boolean exprOk)
   at MongoDB.Driver.Linq.Linq3Implementation.Translators.ExpressionToFilterTranslators.ExpressionToFilterTranslator.TranslateLambda(TranslationContext context, LambdaExpression lambdaExpression, IBsonSerializer parameterSerializer, Boolean asRoot)
   at MongoDB.Driver.Linq.Linq3Implementation.Translators.ExpressionToPipelineTranslators.WhereMethodToPipelineTranslator.Translate(TranslationContext context, MethodCallExpression expression)
   at MongoDB.Driver.Linq.Linq3Implementation.Translators.ExpressionToPipelineTranslators.ExpressionToPipelineTranslator.Translate(TranslationContext context, Expression expression)
   at MongoDB.Driver.Linq.Linq3Implementation.Translators.ExpressionToPipelineTranslators.AsMethodToPipelineTranslator.Translate(TranslationContext context, MethodCallExpression expression)
   at MongoDB.Driver.Linq.Linq3Implementation.Translators.ExpressionToPipelineTranslators.ExpressionToPipelineTranslator.Translate(TranslationContext context, Expression expression)
   at MongoDB.Driver.Linq.Linq3Implementation.Translators.ExpressionToExecutableQueryTranslators.ExpressionToExecutableQueryTranslator.Translate[TDocument,TOutput](MongoQueryProvider`1 provider, Expression expression)
   at MongoDB.Driver.Linq.Linq3Implementation.MongoQuery`2.Execute()
   at MongoDB.Driver.Linq.Linq3Implementation.MongoQuery`2.GetEnumerator()
   at MongoDB.EntityFrameworkCore.Query.QueryingEnumerable`2.Enumerator.MoveNextHelper()
   at MongoDB.EntityFrameworkCore.Query.QueryingEnumerable`2.Enumerator.MoveNextAsync()
System.NotSupportedException: No known serializer for type 'DateOnly'.
   at MongoDB.EntityFrameworkCore.Serializers.BsonSerializerFactory.CreateTypeSerializer(Type type, IReadOnlyProperty property)
   at MongoDB.EntityFrameworkCore.Serializers.BsonSerializerFactory.CreateTypeSerializer(IReadOnlyProperty property)
   at MongoDB.EntityFrameworkCore.Serializers.BsonSerializerFactory.GetPropertySerializationInfo(IReadOnlyProperty property)
   at MongoDB.EntityFrameworkCore.Serializers.EntitySerializer`1.TryGetMemberSerializationInfo(String memberName, BsonSerializationInfo& serializationInfo)
   at MongoDB.Driver.Linq.Linq3Implementation.Translators.ExpressionToFilterTranslators.ToFilterFieldTranslators.MemberExpressionToFilterFieldTranslator.Translate(TranslationContext context, MemberExpression memberExpression)
   at MongoDB.Driver.Linq.Linq3Implementation.Translators.ExpressionToFilterTranslators.ToFilterFieldTranslators.ExpressionToFilterFieldTranslator.Translate(TranslationContext context, Expression expression)
   at MongoDB.Driver.Linq.Linq3Implementation.Translators.ExpressionToFilterTranslators.ExpressionTranslators.ComparisonExpressionToFilterTranslator.Translate(TranslationContext context, BinaryExpression expression)
   at MongoDB.Driver.Linq.Linq3Implementation.Translators.ExpressionToFilterTranslators.ExpressionToFilterTranslator.TranslateUsingQueryOperators(TranslationContext context, Expression expression)
   at MongoDB.Driver.Linq.Linq3Implementation.Translators.ExpressionToFilterTranslators.ExpressionToFilterTranslator.Translate(TranslationContext context, Expression expression, Boolean exprOk)
   at MongoDB.Driver.Linq.Linq3Implementation.Translators.ExpressionToFilterTranslators.ExpressionTranslators.AndExpressionToFilterTranslator.Translate(TranslationContext context, BinaryExpression expression)
   at MongoDB.Driver.Linq.Linq3Implementation.Translators.ExpressionToFilterTranslators.ExpressionToFilterTranslator.TranslateUsingQueryOperators(TranslationContext context, Expression expression)
   at MongoDB.Driver.Linq.Linq3Implementation.Translators.ExpressionToFilterTranslators.ExpressionToFilterTranslator.Translate(TranslationContext context, Expression expression, Boolean exprOk)
   at MongoDB.Driver.Linq.Linq3Implementation.Translators.ExpressionToFilterTranslators.ExpressionTranslators.AndExpressionToFilterTranslator.Translate(TranslationContext context, BinaryExpression expression)
   at MongoDB.Driver.Linq.Linq3Implementation.Translators.ExpressionToFilterTranslators.ExpressionToFilterTranslator.TranslateUsingQueryOperators(TranslationContext context, Expression expression)
   at MongoDB.Driver.Linq.Linq3Implementation.Translators.ExpressionToFilterTranslators.ExpressionToFilterTranslator.Translate(TranslationContext context, Expression expression, Boolean exprOk)
   at MongoDB.Driver.Linq.Linq3Implementation.Translators.ExpressionToFilterTranslators.ExpressionToFilterTranslator.TranslateLambda(TranslationContext context, LambdaExpression lambdaExpression, IBsonSerializer parameterSerializer, Boolean asRoot)
   at MongoDB.Driver.Linq.Linq3Implementation.Translators.ExpressionToPipelineTranslators.WhereMethodToPipelineTranslator.Translate(TranslationContext context, MethodCallExpression expression)
   at MongoDB.Driver.Linq.Linq3Implementation.Translators.ExpressionToPipelineTranslators.ExpressionToPipelineTranslator.Translate(TranslationContext context, Expression expression)
   at MongoDB.Driver.Linq.Linq3Implementation.Translators.ExpressionToPipelineTranslators.AsMethodToPipelineTranslator.Translate(TranslationContext context, MethodCallExpression expression)
   at MongoDB.Driver.Linq.Linq3Implementation.Translators.ExpressionToPipelineTranslators.ExpressionToPipelineTranslator.Translate(TranslationContext context, Expression expression)
   at MongoDB.Driver.Linq.Linq3Implementation.Translators.ExpressionToExecutableQueryTranslators.ExpressionToExecutableQueryTranslator.Translate[TDocument,TOutput](MongoQueryProvider`1 provider, Expression expression)
   at MongoDB.Driver.Linq.Linq3Implementation.MongoQuery`2.Execute()
   at MongoDB.Driver.Linq.Linq3Implementation.MongoQuery`2.GetEnumerator()
   at MongoDB.EntityFrameworkCore.Query.QueryingEnumerable`2.Enumerator.MoveNextHelper()
   at MongoDB.EntityFrameworkCore.Query.QueryingEnumerable`2.Enumerator.MoveNextAsync()
[09:37:22 INF] Executed action MoneyRecord.API.Controllers.ReportsController.Monthly (MoneyRecord.API) in 54.902ms
[09:37:22 INF] Executed endpoint 'MoneyRecord.API.Controllers.ReportsController.Monthly (MoneyRecord.API)'
[09:37:22 ERR] An unhandled exception has occurred while executing the request.
System.NotSupportedException: No known serializer for type 'DateOnly'.
   at MongoDB.EntityFrameworkCore.Serializers.BsonSerializerFactory.CreateTypeSerializer(Type type, IReadOnlyProperty property)
   at MongoDB.EntityFrameworkCore.Serializers.BsonSerializerFactory.CreateTypeSerializer(IReadOnlyProperty property)
   at MongoDB.EntityFrameworkCore.Serializers.BsonSerializerFactory.GetPropertySerializationInfo(IReadOnlyProperty property)
   at MongoDB.EntityFrameworkCore.Serializers.EntitySerializer`1.TryGetMemberSerializationInfo(String memberName, BsonSerializationInfo& serializationInfo)
   at MongoDB.Driver.Linq.Linq3Implementation.Translators.ExpressionToFilterTranslators.ToFilterFieldTranslators.MemberExpressionToFilterFieldTranslator.Translate(TranslationContext context, MemberExpression memberExpression)
   at MongoDB.Driver.Linq.Linq3Implementation.Translators.ExpressionToFilterTranslators.ToFilterFieldTranslators.ExpressionToFilterFieldTranslator.Translate(TranslationContext context, Expression expression)
   at MongoDB.Driver.Linq.Linq3Implementation.Translators.ExpressionToFilterTranslators.ExpressionTranslators.ComparisonExpressionToFilterTranslator.Translate(TranslationContext context, BinaryExpression expression)
   at MongoDB.Driver.Linq.Linq3Implementation.Translators.ExpressionToFilterTranslators.ExpressionToFilterTranslator.TranslateUsingQueryOperators(TranslationContext context, Expression expression)
   at MongoDB.Driver.Linq.Linq3Implementation.Translators.ExpressionToFilterTranslators.ExpressionToFilterTranslator.Translate(TranslationContext context, Expression expression, Boolean exprOk)
   at MongoDB.Driver.Linq.Linq3Implementation.Translators.ExpressionToFilterTranslators.ExpressionTranslators.AndExpressionToFilterTranslator.Translate(TranslationContext context, BinaryExpression expression)
   at MongoDB.Driver.Linq.Linq3Implementation.Translators.ExpressionToFilterTranslators.ExpressionToFilterTranslator.TranslateUsingQueryOperators(TranslationContext context, Expression expression)
   at MongoDB.Driver.Linq.Linq3Implementation.Translators.ExpressionToFilterTranslators.ExpressionToFilterTranslator.Translate(TranslationContext context, Expression expression, Boolean exprOk)
   at MongoDB.Driver.Linq.Linq3Implementation.Translators.ExpressionToFilterTranslators.ExpressionTranslators.AndExpressionToFilterTranslator.Translate(TranslationContext context, BinaryExpression expression)
   at MongoDB.Driver.Linq.Linq3Implementation.Translators.ExpressionToFilterTranslators.ExpressionToFilterTranslator.TranslateUsingQueryOperators(TranslationContext context, Expression expression)
   at MongoDB.Driver.Linq.Linq3Implementation.Translators.ExpressionToFilterTranslators.ExpressionToFilterTranslator.Translate(TranslationContext context, Expression expression, Boolean exprOk)
   at MongoDB.Driver.Linq.Linq3Implementation.Translators.ExpressionToFilterTranslators.ExpressionToFilterTranslator.TranslateLambda(TranslationContext context, LambdaExpression lambdaExpression, IBsonSerializer parameterSerializer, Boolean asRoot)
   at MongoDB.Driver.Linq.Linq3Implementation.Translators.ExpressionToPipelineTranslators.WhereMethodToPipelineTranslator.Translate(TranslationContext context, MethodCallExpression expression)
   at MongoDB.Driver.Linq.Linq3Implementation.Translators.ExpressionToPipelineTranslators.ExpressionToPipelineTranslator.Translate(TranslationContext context, Expression expression)
   at MongoDB.Driver.Linq.Linq3Implementation.Translators.ExpressionToPipelineTranslators.AsMethodToPipelineTranslator.Translate(TranslationContext context, MethodCallExpression expression)
   at MongoDB.Driver.Linq.Linq3Implementation.Translators.ExpressionToPipelineTranslators.ExpressionToPipelineTranslator.Translate(TranslationContext context, Expression expression)
   at MongoDB.Driver.Linq.Linq3Implementation.Translators.ExpressionToExecutableQueryTranslators.ExpressionToExecutableQueryTranslator.Translate[TDocument,TOutput](MongoQueryProvider`1 provider, Expression expression)
   at MongoDB.Driver.Linq.Linq3Implementation.MongoQuery`2.Execute()
   at MongoDB.Driver.Linq.Linq3Implementation.MongoQuery`2.GetEnumerator()
   at MongoDB.EntityFrameworkCore.Query.QueryingEnumerable`2.Enumerator.MoveNextHelper()
   at MongoDB.EntityFrameworkCore.Query.QueryingEnumerable`2.Enumerator.MoveNextAsync()
   at System.Runtime.CompilerServices.ConfiguredCancelableAsyncEnumerable`1.Enumerator.MoveNextAsync()
   at Microsoft.EntityFrameworkCore.EntityFrameworkQueryableExtensions.ToListAsync[TSource](IQueryable`1 source, CancellationToken cancellationToken)
   at Microsoft.EntityFrameworkCore.EntityFrameworkQueryableExtensions.ToListAsync[TSource](IQueryable`1 source, CancellationToken cancellationToken)
   at MoneyRecord.Application.Reports.Queries.GetMonthlyReportQueryHandler.Handle(GetMonthlyReportQuery request, CancellationToken ct) in D:\New\MoneyRecord\backend\src\MoneyRecord.Application\Reports\Queries\ReportQueries.cs:line 303
   at MoneyRecord.Application.Common.Behaviors.TransactionBehavior`2.Handle(TRequest request, RequestHandlerDelegate`1 next, CancellationToken cancellationToken) in D:\New\MoneyRecord\backend\src\MoneyRecord.Application\Common\Behaviors\TransactionBehavior.cs:line 32
   at MoneyRecord.Application.Common.Behaviors.ValidationBehavior`2.Handle(TRequest request, RequestHandlerDelegate`1 next, CancellationToken cancellationToken) in D:\New\MoneyRecord\backend\src\MoneyRecord.Application\Common\Behaviors\ValidationBehavior.cs:line 31
   at MoneyRecord.API.Controllers.ReportsController.Monthly(Nullable`1 year, Nullable`1 month, String format, CancellationToken ct) in D:\New\MoneyRecord\backend\src\MoneyRecord.API\Controllers\ReportsController.cs:line 68
   at Microsoft.AspNetCore.Mvc.Infrastructure.ActionMethodExecutor.TaskOfIActionResultExecutor.Execute(ActionContext actionContext, IActionResultTypeMapper mapper, ObjectMethodExecutor executor, Object controller, Object[] arguments)
   at Microsoft.AspNetCore.Mvc.Infrastructure.ControllerActionInvoker.<InvokeActionMethodAsync>g__Awaited|12_0(ControllerActionInvoker invoker, ValueTask`1 actionResultValueTask)
   at Microsoft.AspNetCore.Mvc.Infrastructure.ControllerActionInvoker.<InvokeNextActionFilterAsync>g__Awaited|10_0(ControllerActionInvoker invoker, Task lastTask, State next, Scope scope, Object state, Boolean isCompleted)
   at Microsoft.AspNetCore.Mvc.Infrastructure.ControllerActionInvoker.Rethrow(ActionExecutedContextSealed context)
   at Microsoft.AspNetCore.Mvc.Infrastructure.ControllerActionInvoker.Next(State& next, Scope& scope, Object& state, Boolean& isCompleted)
   at Microsoft.AspNetCore.Mvc.Infrastructure.ControllerActionInvoker.InvokeInnerFilterAsync()
--- End of stack trace from previous location ---
   at Microsoft.AspNetCore.Mvc.Infrastructure.ResourceInvoker.<InvokeFilterPipelineAsync>g__Awaited|20_0(ResourceInvoker invoker, Task lastTask, State next, Scope scope, Object state, Boolean isCompleted)
   at Microsoft.AspNetCore.Mvc.Infrastructure.ResourceInvoker.<InvokeAsync>g__Logged|17_1(ResourceInvoker invoker)
   at Microsoft.AspNetCore.Mvc.Infrastructure.ResourceInvoker.<InvokeAsync>g__Logged|17_1(ResourceInvoker invoker)
   at Microsoft.AspNetCore.Routing.EndpointMiddleware.<Invoke>g__AwaitRequestTask|7_0(Endpoint endpoint, Task requestTask, ILogger logger)
   at Microsoft.AspNetCore.Authorization.AuthorizationMiddleware.Invoke(HttpContext context)
   at Microsoft.AspNetCore.Authentication.AuthenticationMiddleware.Invoke(HttpContext context)
   at Microsoft.AspNetCore.Diagnostics.ExceptionHandlerMiddlewareImpl.<Invoke>g__Awaited|10_0(ExceptionHandlerMiddlewareImpl middleware, HttpContext context, Task task)
[09:37:22 INF] Request finished HTTP/1.1 GET http://localhost:8080/reports/monthly?year=2026&month=8 - 500 null application/json; charset=utf-8 80.3077ms
[09:37:22 INF] Request starting HTTP/1.1 GET http://localhost:8080/transactions?page=1&pageSize=5 - null null
[09:37:22 INF] Executing endpoint 'MoneyRecord.API.Controllers.TransactionsController.List (MoneyRecord.API)'
[09:37:22 INF] Route matched with {action = "List", controller = "Transactions"}. Executing controller action with signature System.Threading.Tasks.Task`1[Microsoft.AspNetCore.Mvc.IActionResult] List(Int32, Int32, System.Nullable`1[System.DateOnly], System.Nullable`1[System.DateOnly], System.Nullable`1[System.Int32], System.Nullable`1[System.Int64], System.Nullable`1[System.Byte], System.Nullable`1[System.Byte], System.Nullable`1[System.Int64], System.Nullable`1[System.Int64], System.Nullable`1[System.Int64], System.String, System.String, System.Threading.CancellationToken) on controller MoneyRecord.API.Controllers.TransactionsController (MoneyRecord.API).
[09:37:22 ERR] An exception occurred while iterating over the results of a query for context type 'MoneyRecord.Infrastructure.Persistence.MoneyRecordDbContext'.
System.NotSupportedException: No known serializer for type 'DateOnly'.
   at MongoDB.EntityFrameworkCore.Serializers.BsonSerializerFactory.CreateTypeSerializer(Type type, IReadOnlyProperty property)
   at MongoDB.EntityFrameworkCore.Serializers.BsonSerializerFactory.CreateTypeSerializer(IReadOnlyProperty property)
   at MongoDB.EntityFrameworkCore.Serializers.BsonSerializerFactory.GetPropertySerializationInfo(IReadOnlyProperty property)
   at MongoDB.EntityFrameworkCore.Serializers.EntitySerializer`1.TryGetMemberSerializationInfo(String memberName, BsonSerializationInfo& serializationInfo)
   at MongoDB.Driver.Linq.Linq3Implementation.Translators.ExpressionToFilterTranslators.ToFilterFieldTranslators.MemberExpressionToFilterFieldTranslator.Translate(TranslationContext context, MemberExpression memberExpression)
   at MongoDB.Driver.Linq.Linq3Implementation.Translators.ExpressionToFilterTranslators.ToFilterFieldTranslators.ExpressionToFilterFieldTranslator.Translate(TranslationContext context, Expression expression)
   at MongoDB.Driver.Linq.Linq3Implementation.Translators.ExpressionToFilterTranslators.ExpressionTranslators.ComparisonExpressionToFilterTranslator.Translate(TranslationContext context, BinaryExpression expression)
   at MongoDB.Driver.Linq.Linq3Implementation.Translators.ExpressionToFilterTranslators.ExpressionToFilterTranslator.TranslateUsingQueryOperators(TranslationContext context, Expression expression)
   at MongoDB.Driver.Linq.Linq3Implementation.Translators.ExpressionToFilterTranslators.ExpressionToFilterTranslator.Translate(TranslationContext context, Expression expression, Boolean exprOk)
   at MongoDB.Driver.Linq.Linq3Implementation.Translators.ExpressionToFilterTranslators.ExpressionTranslators.AndExpressionToFilterTranslator.Translate(TranslationContext context, BinaryExpression expression)
   at MongoDB.Driver.Linq.Linq3Implementation.Translators.ExpressionToFilterTranslators.ExpressionToFilterTranslator.TranslateUsingQueryOperators(TranslationContext context, Expression expression)
   at MongoDB.Driver.Linq.Linq3Implementation.Translators.ExpressionToFilterTranslators.ExpressionToFilterTranslator.Translate(TranslationContext context, Expression expression, Boolean exprOk)
   at MongoDB.Driver.Linq.Linq3Implementation.Translators.ExpressionToFilterTranslators.ExpressionTranslators.AndExpressionToFilterTranslator.Translate(TranslationContext context, BinaryExpression expression)
   at MongoDB.Driver.Linq.Linq3Implementation.Translators.ExpressionToFilterTranslators.ExpressionToFilterTranslator.TranslateUsingQueryOperators(TranslationContext context, Expression expression)
   at MongoDB.Driver.Linq.Linq3Implementation.Translators.ExpressionToFilterTranslators.ExpressionToFilterTranslator.Translate(TranslationContext context, Expression expression, Boolean exprOk)
   at MongoDB.Driver.Linq.Linq3Implementation.Translators.ExpressionToFilterTranslators.ExpressionToFilterTranslator.TranslateLambda(TranslationContext context, LambdaExpression lambdaExpression, IBsonSerializer parameterSerializer, Boolean asRoot)
   at MongoDB.Driver.Linq.Linq3Implementation.Translators.ExpressionToPipelineTranslators.WhereMethodToPipelineTranslator.Translate(TranslationContext context, MethodCallExpression expression)
   at MongoDB.Driver.Linq.Linq3Implementation.Translators.ExpressionToPipelineTranslators.ExpressionToPipelineTranslator.Translate(TranslationContext context, Expression expression)
   at MongoDB.Driver.Linq.Linq3Implementation.Translators.ExpressionToExecutableQueryTranslators.CountMethodToExecutableQueryTranslator.Translate[TDocument](MongoQueryProvider`1 provider, TranslationContext context, MethodCallExpression expression)
   at MongoDB.Driver.Linq.Linq3Implementation.Translators.ExpressionToExecutableQueryTranslators.ExpressionToExecutableQueryTranslator.TranslateScalar[TDocument,TResult](MongoQueryProvider`1 provider, Expression expression)
   at MongoDB.Driver.Linq.Linq3Implementation.MongoQueryProvider`1.Execute[TResult](Expression expression)
   at MongoDB.EntityFrameworkCore.Storage.MongoClientWrapper.ExecuteScalar[T](MongoExecutableQuery executableQuery)
   at MongoDB.EntityFrameworkCore.Storage.MongoClientWrapper.Execute[T](MongoExecutableQuery executableQuery, Action& log)
   at MongoDB.EntityFrameworkCore.Query.QueryingEnumerable`2.Enumerator.MoveNextHelper()
   at MongoDB.EntityFrameworkCore.Query.QueryingEnumerable`2.Enumerator.MoveNextAsync()
System.NotSupportedException: No known serializer for type 'DateOnly'.
   at MongoDB.EntityFrameworkCore.Serializers.BsonSerializerFactory.CreateTypeSerializer(Type type, IReadOnlyProperty property)
   at MongoDB.EntityFrameworkCore.Serializers.BsonSerializerFactory.CreateTypeSerializer(IReadOnlyProperty property)
   at MongoDB.EntityFrameworkCore.Serializers.BsonSerializerFactory.GetPropertySerializationInfo(IReadOnlyProperty property)
   at MongoDB.EntityFrameworkCore.Serializers.EntitySerializer`1.TryGetMemberSerializationInfo(String memberName, BsonSerializationInfo& serializationInfo)
   at MongoDB.Driver.Linq.Linq3Implementation.Translators.ExpressionToFilterTranslators.ToFilterFieldTranslators.MemberExpressionToFilterFieldTranslator.Translate(TranslationContext context, MemberExpression memberExpression)
   at MongoDB.Driver.Linq.Linq3Implementation.Translators.ExpressionToFilterTranslators.ToFilterFieldTranslators.ExpressionToFilterFieldTranslator.Translate(TranslationContext context, Expression expression)
   at MongoDB.Driver.Linq.Linq3Implementation.Translators.ExpressionToFilterTranslators.ExpressionTranslators.ComparisonExpressionToFilterTranslator.Translate(TranslationContext context, BinaryExpression expression)
   at MongoDB.Driver.Linq.Linq3Implementation.Translators.ExpressionToFilterTranslators.ExpressionToFilterTranslator.TranslateUsingQueryOperators(TranslationContext context, Expression expression)
   at MongoDB.Driver.Linq.Linq3Implementation.Translators.ExpressionToFilterTranslators.ExpressionToFilterTranslator.Translate(TranslationContext context, Expression expression, Boolean exprOk)
   at MongoDB.Driver.Linq.Linq3Implementation.Translators.ExpressionToFilterTranslators.ExpressionTranslators.AndExpressionToFilterTranslator.Translate(TranslationContext context, BinaryExpression expression)
   at MongoDB.Driver.Linq.Linq3Implementation.Translators.ExpressionToFilterTranslators.ExpressionToFilterTranslator.TranslateUsingQueryOperators(TranslationContext context, Expression expression)
   at MongoDB.Driver.Linq.Linq3Implementation.Translators.ExpressionToFilterTranslators.ExpressionToFilterTranslator.Translate(TranslationContext context, Expression expression, Boolean exprOk)
   at MongoDB.Driver.Linq.Linq3Implementation.Translators.ExpressionToFilterTranslators.ExpressionTranslators.AndExpressionToFilterTranslator.Translate(TranslationContext context, BinaryExpression expression)
   at MongoDB.Driver.Linq.Linq3Implementation.Translators.ExpressionToFilterTranslators.ExpressionToFilterTranslator.TranslateUsingQueryOperators(TranslationContext context, Expression expression)
   at MongoDB.Driver.Linq.Linq3Implementation.Translators.ExpressionToFilterTranslators.ExpressionToFilterTranslator.Translate(TranslationContext context, Expression expression, Boolean exprOk)
   at MongoDB.Driver.Linq.Linq3Implementation.Translators.ExpressionToFilterTranslators.ExpressionToFilterTranslator.TranslateLambda(TranslationContext context, LambdaExpression lambdaExpression, IBsonSerializer parameterSerializer, Boolean asRoot)
   at MongoDB.Driver.Linq.Linq3Implementation.Translators.ExpressionToPipelineTranslators.WhereMethodToPipelineTranslator.Translate(TranslationContext context, MethodCallExpression expression)
   at MongoDB.Driver.Linq.Linq3Implementation.Translators.ExpressionToPipelineTranslators.ExpressionToPipelineTranslator.Translate(TranslationContext context, Expression expression)
   at MongoDB.Driver.Linq.Linq3Implementation.Translators.ExpressionToExecutableQueryTranslators.CountMethodToExecutableQueryTranslator.Translate[TDocument](MongoQueryProvider`1 provider, TranslationContext context, MethodCallExpression expression)
   at MongoDB.Driver.Linq.Linq3Implementation.Translators.ExpressionToExecutableQueryTranslators.ExpressionToExecutableQueryTranslator.TranslateScalar[TDocument,TResult](MongoQueryProvider`1 provider, Expression expression)
   at MongoDB.Driver.Linq.Linq3Implementation.MongoQueryProvider`1.Execute[TResult](Expression expression)
   at MongoDB.EntityFrameworkCore.Storage.MongoClientWrapper.ExecuteScalar[T](MongoExecutableQuery executableQuery)
   at MongoDB.EntityFrameworkCore.Storage.MongoClientWrapper.Execute[T](MongoExecutableQuery executableQuery, Action& log)
   at MongoDB.EntityFrameworkCore.Query.QueryingEnumerable`2.Enumerator.MoveNextHelper()
   at MongoDB.EntityFrameworkCore.Query.QueryingEnumerable`2.Enumerator.MoveNextAsync()
[09:37:23 INF] Executed action MoneyRecord.API.Controllers.TransactionsController.List (MoneyRecord.API) in 98.5307ms
[09:37:23 INF] Executed endpoint 'MoneyRecord.API.Controllers.TransactionsController.List (MoneyRecord.API)'
[09:37:23 ERR] An unhandled exception has occurred while executing the request.
System.NotSupportedException: No known serializer for type 'DateOnly'.
   at MongoDB.EntityFrameworkCore.Serializers.BsonSerializerFactory.CreateTypeSerializer(Type type, IReadOnlyProperty property)
   at MongoDB.EntityFrameworkCore.Serializers.BsonSerializerFactory.CreateTypeSerializer(IReadOnlyProperty property)
   at MongoDB.EntityFrameworkCore.Serializers.BsonSerializerFactory.GetPropertySerializationInfo(IReadOnlyProperty property)
   at MongoDB.EntityFrameworkCore.Serializers.EntitySerializer`1.TryGetMemberSerializationInfo(String memberName, BsonSerializationInfo& serializationInfo)
   at MongoDB.Driver.Linq.Linq3Implementation.Translators.ExpressionToFilterTranslators.ToFilterFieldTranslators.MemberExpressionToFilterFieldTranslator.Translate(TranslationContext context, MemberExpression memberExpression)
   at MongoDB.Driver.Linq.Linq3Implementation.Translators.ExpressionToFilterTranslators.ToFilterFieldTranslators.ExpressionToFilterFieldTranslator.Translate(TranslationContext context, Expression expression)
   at MongoDB.Driver.Linq.Linq3Implementation.Translators.ExpressionToFilterTranslators.ExpressionTranslators.ComparisonExpressionToFilterTranslator.Translate(TranslationContext context, BinaryExpression expression)
   at MongoDB.Driver.Linq.Linq3Implementation.Translators.ExpressionToFilterTranslators.ExpressionToFilterTranslator.TranslateUsingQueryOperators(TranslationContext context, Expression expression)
   at MongoDB.Driver.Linq.Linq3Implementation.Translators.ExpressionToFilterTranslators.ExpressionToFilterTranslator.Translate(TranslationContext context, Expression expression, Boolean exprOk)
   at MongoDB.Driver.Linq.Linq3Implementation.Translators.ExpressionToFilterTranslators.ExpressionTranslators.AndExpressionToFilterTranslator.Translate(TranslationContext context, BinaryExpression expression)
   at MongoDB.Driver.Linq.Linq3Implementation.Translators.ExpressionToFilterTranslators.ExpressionToFilterTranslator.TranslateUsingQueryOperators(TranslationContext context, Expression expression)
   at MongoDB.Driver.Linq.Linq3Implementation.Translators.ExpressionToFilterTranslators.ExpressionToFilterTranslator.Translate(TranslationContext context, Expression expression, Boolean exprOk)
   at MongoDB.Driver.Linq.Linq3Implementation.Translators.ExpressionToFilterTranslators.ExpressionTranslators.AndExpressionToFilterTranslator.Translate(TranslationContext context, BinaryExpression expression)
   at MongoDB.Driver.Linq.Linq3Implementation.Translators.ExpressionToFilterTranslators.ExpressionToFilterTranslator.TranslateUsingQueryOperators(TranslationContext context, Expression expression)
   at MongoDB.Driver.Linq.Linq3Implementation.Translators.ExpressionToFilterTranslators.ExpressionToFilterTranslator.Translate(TranslationContext context, Expression expression, Boolean exprOk)
   at MongoDB.Driver.Linq.Linq3Implementation.Translators.ExpressionToFilterTranslators.ExpressionToFilterTranslator.TranslateLambda(TranslationContext context, LambdaExpression lambdaExpression, IBsonSerializer parameterSerializer, Boolean asRoot)
   at MongoDB.Driver.Linq.Linq3Implementation.Translators.ExpressionToPipelineTranslators.WhereMethodToPipelineTranslator.Translate(TranslationContext context, MethodCallExpression expression)
   at MongoDB.Driver.Linq.Linq3Implementation.Translators.ExpressionToPipelineTranslators.ExpressionToPipelineTranslator.Translate(TranslationContext context, Expression expression)
   at MongoDB.Driver.Linq.Linq3Implementation.Translators.ExpressionToExecutableQueryTranslators.CountMethodToExecutableQueryTranslator.Translate[TDocument](MongoQueryProvider`1 provider, TranslationContext context, MethodCallExpression expression)
   at MongoDB.Driver.Linq.Linq3Implementation.Translators.ExpressionToExecutableQueryTranslators.ExpressionToExecutableQueryTranslator.TranslateScalar[TDocument,TResult](MongoQueryProvider`1 provider, Expression expression)
   at MongoDB.Driver.Linq.Linq3Implementation.MongoQueryProvider`1.Execute[TResult](Expression expression)
   at MongoDB.EntityFrameworkCore.Storage.MongoClientWrapper.ExecuteScalar[T](MongoExecutableQuery executableQuery)
   at MongoDB.EntityFrameworkCore.Storage.MongoClientWrapper.Execute[T](MongoExecutableQuery executableQuery, Action& log)
   at MongoDB.EntityFrameworkCore.Query.QueryingEnumerable`2.Enumerator.MoveNextHelper()
   at MongoDB.EntityFrameworkCore.Query.QueryingEnumerable`2.Enumerator.MoveNextAsync()
   at Microsoft.EntityFrameworkCore.Query.ShapedQueryCompilingExpressionVisitor.SingleAsync[TSource](IAsyncEnumerable`1 asyncEnumerable, CancellationToken cancellationToken)
   at Microsoft.EntityFrameworkCore.Query.ShapedQueryCompilingExpressionVisitor.SingleAsync[TSource](IAsyncEnumerable`1 asyncEnumerable, CancellationToken cancellationToken)
   at MoneyRecord.Application.Transactions.Queries.ListTransactionsQueryHandler.Handle(ListTransactionsQuery request, CancellationToken ct) in D:\New\MoneyRecord\backend\src\MoneyRecord.Application\Transactions\Queries\ListTransactions.cs:line 114
   at MoneyRecord.Application.Common.Behaviors.TransactionBehavior`2.Handle(TRequest request, RequestHandlerDelegate`1 next, CancellationToken cancellationToken) in D:\New\MoneyRecord\backend\src\MoneyRecord.Application\Common\Behaviors\TransactionBehavior.cs:line 32
   at MoneyRecord.Application.Common.Behaviors.ValidationBehavior`2.Handle(TRequest request, RequestHandlerDelegate`1 next, CancellationToken cancellationToken) in D:\New\MoneyRecord\backend\src\MoneyRecord.Application\Common\Behaviors\ValidationBehavior.cs:line 31
   at MoneyRecord.API.Controllers.TransactionsController.List(Int32 page, Int32 pageSize, Nullable`1 dateFrom, Nullable`1 dateTo, Nullable`1 providerId, Nullable`1 walletAccountId, Nullable`1 typeId, Nullable`1 statusId, Nullable`1 createdByUserId, Nullable`1 minAmount, Nullable`1 maxAmount, String sortBy, String sortDir, CancellationToken ct) in D:\New\MoneyRecord\backend\src\MoneyRecord.API\Controllers\TransactionsController.cs:line 127
   at Microsoft.AspNetCore.Mvc.Infrastructure.ActionMethodExecutor.TaskOfIActionResultExecutor.Execute(ActionContext actionContext, IActionResultTypeMapper mapper, ObjectMethodExecutor executor, Object controller, Object[] arguments)
   at Microsoft.AspNetCore.Mvc.Infrastructure.ControllerActionInvoker.<InvokeActionMethodAsync>g__Awaited|12_0(ControllerActionInvoker invoker, ValueTask`1 actionResultValueTask)
   at Microsoft.AspNetCore.Mvc.Infrastructure.ControllerActionInvoker.<InvokeNextActionFilterAsync>g__Awaited|10_0(ControllerActionInvoker invoker, Task lastTask, State next, Scope scope, Object state, Boolean isCompleted)
   at Microsoft.AspNetCore.Mvc.Infrastructure.ControllerActionInvoker.Rethrow(ActionExecutedContextSealed context)
   at Microsoft.AspNetCore.Mvc.Infrastructure.ControllerActionInvoker.Next(State& next, Scope& scope, Object& state, Boolean& isCompleted)
   at Microsoft.AspNetCore.Mvc.Infrastructure.ControllerActionInvoker.InvokeInnerFilterAsync()
--- End of stack trace from previous location ---
   at Microsoft.AspNetCore.Mvc.Infrastructure.ResourceInvoker.<InvokeFilterPipelineAsync>g__Awaited|20_0(ResourceInvoker invoker, Task lastTask, State next, Scope scope, Object state, Boolean isCompleted)
   at Microsoft.AspNetCore.Mvc.Infrastructure.ResourceInvoker.<InvokeAsync>g__Logged|17_1(ResourceInvoker invoker)
   at Microsoft.AspNetCore.Mvc.Infrastructure.ResourceInvoker.<InvokeAsync>g__Logged|17_1(ResourceInvoker invoker)
   at Microsoft.AspNetCore.Routing.EndpointMiddleware.<Invoke>g__AwaitRequestTask|7_0(Endpoint endpoint, Task requestTask, ILogger logger)
   at Microsoft.AspNetCore.Authorization.AuthorizationMiddleware.Invoke(HttpContext context)
   at Microsoft.AspNetCore.Authentication.AuthenticationMiddleware.Invoke(HttpContext context)
   at Microsoft.AspNetCore.Diagnostics.ExceptionHandlerMiddlewareImpl.<Invoke>g__Awaited|10_0(ExceptionHandlerMiddlewareImpl middleware, HttpContext context, Task task)
[09:37:23 INF] Request finished HTTP/1.1 GET http://localhost:8080/transactions?page=1&pageSize=5 - 500 null application/json; charset=utf-8 123.4604ms
